            93
        87
                75
            74
    66
        62
52
            44
        18
                14
            14
    11
            10
        10
