        87
    82
70
            58
        58
    58
                50
            49
                    47
                47
                    43
                        34
        26
