        82
    71
            59
        59
46
        41
                39
            34
    29
            25
        10
