    97
95
            59
        57
            37
    34
            29
        27
                23
            19
                16
