        86
    72
71
        64
            58
    57
        55
            52
                    34
                30
                    26
